                            =Installation Guide=
1. 如何设置时间？

参考：[[https://wiki.archlinux.org/index.php/Time|archlinux wiki: Time]]

* 时区设置：查看/usr/share/zoneinfo/<Zone>/<SubZone>目录，可以找到你所属的时区和子时区。通过创建一个符号链接/etc/localtime,链接到需要设置的时区的路径,来进行时区的设置。如一下命令将时区设置为亚洲::上海：

    #ln -s /usr/share/zoneinfo/Asia/Shanghai /etc/localtime

* 硬件时钟:Windows中默认使用本地时间。硬件时钟使用UTC时间不表示软件会显示UTC时间。推荐将Arch和Windows都设置为使用UTC时间。同时要禁止Windows通过网络同步时间，因为会将硬件时钟重新设置为使用本地时间。

    #hwclock --systohc --utc            ##将硬件时钟设置成使用UTC时间

* 将Windows设置成使用UTC时间作为硬件时钟：
    # 方法一：regedit命令编辑注册表，将键值`HKEY_LOCAL_MACHINE\SYSTEM\CurrentControlSet\Control\TimeZoneInformation\RealTimeIsUniversal`设置为十六进制的1。
    # 方法二：创建一个*.reg文件，输入如下内容，然后双击导入注册表即可：
{{{

##注释：适用于Vista SP2 以前的版本。
Windows Registry Editor Version 5.00

[HKEY_LOCAL_MACHINE\SYSTEM\CurrentControlSet\Control\TimeZoneInformation]
"RealTimeIsUniversal"=dword:00000001

##注释：适用于windows7.
Windows Registry Editor Version 5.00

[HKEY_LOCAL_MACHINE\SOFTWARE\Microsoft\Windows\CurrentVersion\Policies\System]
"LocalAccountTokenFilterPolicy"=dword:00000001

}}}

2. 啥是夏令时？

3. 如何自动挂载硬盘分区？

系统启动过程中，会读取`/etc/fstab`文件来自动挂载分区。

用命令`lsblk -f`来查看分区的UUID/LABEL/分区格式。



4. bt下载工具：ktorrent

5. 图片查看器:feh

查看目录下的所有图片：

{{{
feh /path/to/directory
}}}

如何在Dophin中自动调用feh打开图片？

6. 纠结的r8168！！！
{{{
[zechen11@zarch ~]$ dmesg | grep eth
[    7.780720] eth%d: RTL8168E/8111E at 0xf92d6000, 10:60:4b:5b:18:0f, IRQ 43
[    7.932219] eth0: Identified chip type is 'RTL8168E/8111E'.
[    8.003990] systemd-udevd[161]: renamed network interface eth0 to enp3s0

[zechen11@zarch ~]$ lspci -k | grep Realtek
03:00.0 Ethernet controller: Realtek Semiconductor Co., Ltd. RTL8111/8168B PCI Express Gigabit Ethernet controller (rev 06)
[zechen11@zarch ~]$ ip link set enp3s0 up
[zechen11@zarch ~]$ dhcpcd
}}}
解决方法：
{{{
zarch% sudo systemctl enable dhcpcd
[sudo] password for zechen11: 
ln -s '/usr/lib/systemd/system/dhcpcd.service' '/etc/systemd/system/multi-user.target.wants/dhcpcd.service'
}}}

顺便搞定goagent：
{{{
zarch% sudo systemctl enable dhcpcd
[sudo] password for zechen11: 
ln -s '/usr/lib/systemd/system/goagent.service' '/etc/systemd/system/multi-user.target.wants/goagent.service'
}}}

待阅：
1. https://bbs.archlinux.org/viewtopic.php?id=156283&p=1
2. https://bbs.archlinux.org/viewtopic.php?pid=1220587

7. 将默认shell改为zsh
首先确保/etc/shells中有zsh的路径，没有则添加如下行：
{{{
/bin/zsh
}}}
然后使用`chsh`命令修改默认shell
{{{
chsh -s $(which zsh)
}}}

8. pdf阅读软件
apvlv: vim的操作方式，界面十分简洁
foxit: 对中文支持好，轻量化，文件载入速度快

9. virtualbox

10. audacious无法播放mp3，安装mpg123

11. qstardict安装字典：

字典存放路径：`/usr/share/stardict/dic`或`~/.stardict/dic`
安装了朗道词典
字典下载路径：http://abloz.com/huzheng/stardict-dic/
for dictionary.tar.gz

{{{
mkdir -p ~/.stardict/dic
tar xzvf dictionary.tar.gz -C ~/.stardict/dic
}}}

for dictionary.tar.bz2. 

{{{
mkdir -p ~/.stardict/dic
tar xjvf dictionary.tar.bz2 -C ~/.stardict/dic
}}}

12. 了解systemd，用法，特性:

参考：
https://wiki.archlinux.org/index.php/Systemd
http://freedesktop.org/wiki/Software/systemd
http://zh.wikipedia.org/zh-cn/Systemd

13. vimim 

安装:

下载地址:http://vim.sourceforge.net/scripts/script.php?script_id=2506

将下载到的vimim.vim 文件移动到plugin 文件夹:
{{{
sudo mv Downloads/vimim.vim /usr/share/vim/vim73/plugin/
}}}

使用方法:

进入插入模式,输入拼音,按ctrl-6,会弹出候选字列表，英文标点按ctrl-6也会变成中文标点，碉堡了。

14. 编译内核
出现`make: ngcc: Command not found`错误,原来是编译选项`CONFIG_CROSS_COMPILE`设置为="n"了,将其改为="",就不出现那个错误了。
{{{
On 01/07/2011 03:09 PM, Cyprien Nicolas wrote:
> On 01/07/2011 04:39 PM, Brian Davis wrote:
>> Here's what happens when I try to build 2.6.36-r6:
>>
>> # make && make modules_install
>> /usr/src/linux-2.6.36-hardened-r6/scripts/gcc-version.sh: line 25: ngcc:
>> command not found
>> /usr/src/linux-2.6.36-hardened-r6/scripts/gcc-version.sh: line 26: ngcc:
>> command not found
>> make: ngcc: Command not found
>> CHK include/linux/version.h
>> CHK include/generated/utsrelease.h
>> /usr/src/linux-2.6.36-hardened-r6/arch/x86/Makefile:202: ***
>> *** 2.6 PaX kernels no longer build correctly with old versions of binutils.
>> *** Please upgrade your binutils to 2.18 or newer. Stop.
>
> Hm, try first fixing the ngcc thing. I had the same ngcc issue when
> moving my office desktop from gentoo-sources 2.6.35 to 2.6.36 using make
> oldconfig.
>
> You might have a CONFIG_CROSS_COMPILE="n" in your .config.
> This setting was not used by 2.6.35 and previous versions.
> Since 2.6.36 this is the prefix for the cross compiler, so its value is
> prepended before 'gcc' during make.
>
> Setting it to CONFIG_CROSS_COMPILE="" should solve that issue.

Sorry came to the conversation late. I see you've got it. Let me just
comment that CONFIG_CROSS_COMPILE="n" has happened a lot and the
solution is to set CONFIG_CROSS_COMPILE="". This crept in during some
update (I forget which) in which the meaning of the option changed. This
is causing kbuild to interpret the option as a prefix rather than "no I
don't have a cross compiler". 
}}}
引用自:http://www.gossamer-threads.com/lists/gentoo/hardened/223966

15. 众所周知，使用 echo 并配合命令重定向是实现向文件中写入信息的快捷方式。本文介绍如何将 echo 命令与 sudo 命令配合使用，实现向那些只有系统管理员才有权限操作的文件中写入信息。

比如要向 test.asc 文件中随便写入点内容，可以：
{{{
$ echo "信息" > test.asc
}}}
或者
{{{
$ echo "信息" >> test.asc
}}}
下面，如果将 test.asc 权限设置为只有 root 用户才有权限进行写操作：
{{{
$ sudo chown root.root test.asc
}}}
然后，我们使用 sudo 并配合 echo 命令再次向修改权限之后的 test.asc 文件中写入信息： 
{{{
$ sudo echo "又一行信息" >> test.asc
-bash: test.asc: Permission denied
}}}
这时，可以看到 bash 拒绝这么做，说是权限不够。这是因为重定向符号 “>” 和 ">>" 也是 bash 的命令。我们使用 sudo 只是让 echo 命令具有了 root 权限，但是没有让 “>” 和 ">>" 命令也具有 root 权限，所以 bash 会认为这两个命令都没有像 test.asc 文件写入信息的权限。
解决这一问题的途径有两种。第一种是利用 "sh -c" 命令，它可以让 bash 将一个字串作为完整的命令来执行，这样就可以将 sudo 的影响范围扩展到整条命令。具体用法如下： 
{{{
$ sudo sh -c 'echo "又一行信息" >> test.asc'
}}}
另一种方法是利用管道和 tee 命令，该命令可以从标准输入中读入信息并将其写入标准输出或文件中，具体用法如下：
{{{
$ echo "第三条信息" | sudo tee -a test.asc
}}}
注意，tee 命令的 "-a" 选项的作用等同于 ">>" 命令，如果去除该选项，那么 tee 命令的作用就等同于 ">" 命令。
